2025-07-22 10:50:03,323 - Chat2Source - INFO - Initializing Chat2Source...
2025-07-22 10:50:03,323 - Chat2Source - ERROR - Invalid stream URL: YOUR_STREAM_URL for platform: youtube
2025-07-22 10:50:25,771 - Chat2Source - INFO - Initializing Chat2Source...
2025-07-22 10:50:25,777 - SourceBridge - INFO - Attempting to connect to Source Engine game...
2025-07-22 10:50:25,777 - SourceBridge - INFO - Attempting NetCon connection to 127.0.0.1:2121
2025-07-22 10:50:25,822 - SourceBridge - INFO - Successfully connected to xdg-desktop-portal via hijack
2025-07-22 10:50:25,822 - YouTubeChat - INFO - Connecting to YouTube stream: jfKfPfyJRdk
2025-07-22 10:50:30,956 - YouTubeChat - ERROR - Failed to connect to YouTube chat: _ssl.c:1011: The handshake operation timed out
2025-07-22 10:50:30,956 - Chat2Source - ERROR - Could not connect to youtube chat
2025-07-22 10:50:31,011 - SourceBridge - INFO - Disconnecting from game
2025-07-22 10:51:53,783 - Chat2Source - INFO - Initializing Chat2Source...
2025-07-22 10:51:53,788 - SourceBridge - INFO - Attempting to connect to Source Engine game...
2025-07-22 10:51:53,789 - SourceBridge - INFO - Attempting NetCon connection to 127.0.0.1:2121
2025-07-22 10:51:53,816 - SourceBridge - INFO - Successfully connected via NetCon
2025-07-22 10:51:53,817 - YouTubeChat - INFO - Connecting to YouTube stream: jfKfPfyJRdk
2025-07-22 10:51:54,562 - httpx - INFO - HTTP Request: GET https://www.youtube.com/embed/jfKfPfyJRdk "HTTP/2 200 OK"
2025-07-22 10:51:54,723 - YouTubeChat - INFO - Successfully connected to YouTube chat
2025-07-22 10:51:54,728 - flask_cors.core - WARNING - Unknown option passed to Flask-CORS: cors_allowed_origins
2025-07-22 10:51:54,730 - flask_cors.core - WARNING - Unknown option passed to Flask-CORS: cors_allowed_origins
2025-07-22 10:51:54,893 - ChatWidget - INFO - Chat widget server starting on 127.0.0.1:5000
2025-07-22 10:51:54,894 - Chat2Source - INFO - Chat2Source initialized successfully
2025-07-22 10:51:54,894 - Chat2Source - INFO - Chat widget available at: http://127.0.0.1:5000
2025-07-22 10:51:54,894 - Chat2Source - INFO - Game connection: {'connected': True, 'connection_type': 'netcon', 'valid': True, 'netcon_host': '127.0.0.1', 'netcon_port': 2121}
2025-07-22 10:51:54,895 - Chat2Source - INFO - Starting Chat2Source main loop...
2025-07-22 10:51:54,895 - ChatWidget - INFO - Sent server message: Chat2Source connected and ready!
2025-07-22 10:51:54,895 - ChatWidget - INFO - Status updated: Connected
2025-07-22 10:51:54,934 - werkzeug - INFO - [31m[1mWARNING: This is a development server. Do not use it in a production deployment. Use a production WSGI server instead.[0m
 * Running on http://127.0.0.1:5000
2025-07-22 10:51:54,935 - werkzeug - INFO - [33mPress CTRL+C to quit[0m
2025-07-22 10:51:55,051 - httpx - INFO - HTTP Request: POST https://www.youtube.com/youtubei/v1/live_chat/get_live_chat?key=AIzaSyAO_FJ2SlqU8Q4STEHLGCilw_Y9_11qcW8 "HTTP/2 200 OK"
2025-07-22 10:51:58,619 - SourceBridge - WARNING - NetCon connection lost
2025-07-22 10:51:58,629 - Chat2Source - WARNING - Game connection lost
2025-07-22 10:51:58,631 - ChatWidget - INFO - Sent server message: Game connection lost
2025-07-22 10:51:58,632 - Chat2Source - INFO - Attempting to reconnect...
2025-07-22 10:51:58,632 - ChatWidget - INFO - Sent server message: Attempting to reconnect...
2025-07-22 10:51:58,633 - SourceBridge - INFO - Attempting to connect to Source Engine game...
2025-07-22 10:51:58,633 - SourceBridge - INFO - Attempting NetCon connection to 127.0.0.1:2121
2025-07-22 10:51:58,644 - SourceBridge - INFO - Successfully connected via NetCon
2025-07-22 10:51:58,648 - Chat2Source - INFO - Game reconnection successful
2025-07-22 10:51:58,649 - ChatWidget - INFO - Sent server message: Game reconnected
2025-07-22 10:51:58,835 - httpx - INFO - HTTP Request: POST https://www.youtube.com/youtubei/v1/live_chat/get_live_chat?key=AIzaSyAO_FJ2SlqU8Q4STEHLGCilw_Y9_11qcW8 "HTTP/2 200 OK"
2025-07-22 10:52:00,845 - SourceBridge - WARNING - NetCon connection lost
2025-07-22 10:52:00,845 - Chat2Source - WARNING - Game connection lost
2025-07-22 10:52:00,846 - ChatWidget - INFO - Sent server message: Game connection lost
2025-07-22 10:52:00,847 - Chat2Source - INFO - Attempting to reconnect...
2025-07-22 10:52:00,847 - ChatWidget - INFO - Sent server message: Attempting to reconnect...
2025-07-22 10:52:00,848 - SourceBridge - INFO - Attempting to connect to Source Engine game...
2025-07-22 10:52:00,848 - SourceBridge - INFO - Attempting NetCon connection to 127.0.0.1:2121
2025-07-22 10:52:00,856 - SourceBridge - INFO - Successfully connected via NetCon
2025-07-22 10:52:00,857 - Chat2Source - INFO - Game reconnection successful
2025-07-22 10:52:00,859 - ChatWidget - INFO - Sent server message: Game reconnected
2025-07-22 10:52:01,007 - httpx - INFO - HTTP Request: POST https://www.youtube.com/youtubei/v1/live_chat/get_live_chat?key=AIzaSyAO_FJ2SlqU8Q4STEHLGCilw_Y9_11qcW8 "HTTP/2 200 OK"
2025-07-22 10:52:05,123 - SourceBridge - WARNING - NetCon connection lost
2025-07-22 10:52:05,124 - Chat2Source - WARNING - Game connection lost
2025-07-22 10:52:05,125 - ChatWidget - INFO - Sent server message: Game connection lost
2025-07-22 10:52:05,125 - Chat2Source - INFO - Attempting to reconnect...
2025-07-22 10:52:05,125 - ChatWidget - INFO - Sent server message: Attempting to reconnect...
2025-07-22 10:52:05,126 - SourceBridge - INFO - Attempting to connect to Source Engine game...
2025-07-22 10:52:05,126 - SourceBridge - INFO - Attempting NetCon connection to 127.0.0.1:2121
2025-07-22 10:52:05,134 - SourceBridge - INFO - Successfully connected via NetCon
2025-07-22 10:52:05,135 - Chat2Source - INFO - Game reconnection successful
2025-07-22 10:52:05,135 - ChatWidget - INFO - Sent server message: Game reconnected
2025-07-22 10:52:05,300 - httpx - INFO - HTTP Request: POST https://www.youtube.com/youtubei/v1/live_chat/get_live_chat?key=AIzaSyAO_FJ2SlqU8Q4STEHLGCilw_Y9_11qcW8 "HTTP/2 200 OK"
2025-07-22 10:52:05,969 - werkzeug - INFO - 127.0.0.1 - - [22/Jul/2025 10:52:05] "GET / HTTP/1.1" 200 -
2025-07-22 10:52:06,157 - werkzeug - INFO - 127.0.0.1 - - [22/Jul/2025 10:52:06] "GET /static/style.css HTTP/1.1" 200 -
2025-07-22 10:52:06,170 - werkzeug - INFO - 127.0.0.1 - - [22/Jul/2025 10:52:06] "GET /static/script.js HTTP/1.1" 200 -
2025-07-22 10:52:07,325 - SourceBridge - WARNING - NetCon connection lost
2025-07-22 10:52:07,325 - Chat2Source - WARNING - Game connection lost
2025-07-22 10:52:07,326 - ChatWidget - INFO - Sent server message: Game connection lost
2025-07-22 10:52:07,326 - Chat2Source - INFO - Attempting to reconnect...
2025-07-22 10:52:07,326 - ChatWidget - INFO - Sent server message: Attempting to reconnect...
2025-07-22 10:52:07,326 - SourceBridge - INFO - Attempting to connect to Source Engine game...
2025-07-22 10:52:07,326 - SourceBridge - INFO - Attempting NetCon connection to 127.0.0.1:2121
2025-07-22 10:52:07,327 - werkzeug - INFO - 127.0.0.1 - - [22/Jul/2025 10:52:07] "GET /socket.io/?EIO=4&transport=polling&t=PWn7b4y HTTP/1.1" 200 -
2025-07-22 10:52:07,334 - SourceBridge - INFO - Successfully connected via NetCon
2025-07-22 10:52:07,338 - Chat2Source - INFO - Game reconnection successful
2025-07-22 10:52:07,338 - ChatWidget - INFO - Sent server message: Game reconnected
2025-07-22 10:52:07,502 - httpx - INFO - HTTP Request: POST https://www.youtube.com/youtubei/v1/live_chat/get_live_chat?key=AIzaSyAO_FJ2SlqU8Q4STEHLGCilw_Y9_11qcW8 "HTTP/2 200 OK"
2025-07-22 10:52:07,781 - ChatWidget - INFO - Client connected: I-s699W69A4FVc34AAAB
2025-07-22 10:52:07,787 - werkzeug - INFO - 127.0.0.1 - - [22/Jul/2025 10:52:07] "POST /socket.io/?EIO=4&transport=polling&t=PWn7bCH&sid=2lVis6KT4O8kq0wdAAAA HTTP/1.1" 200 -
2025-07-22 10:52:07,806 - werkzeug - INFO - 127.0.0.1 - - [22/Jul/2025 10:52:07] "GET /socket.io/?EIO=4&transport=polling&t=PWn7bCX&sid=2lVis6KT4O8kq0wdAAAA HTTP/1.1" 200 -
2025-07-22 10:52:08,987 - werkzeug - INFO - 127.0.0.1 - - [22/Jul/2025 10:52:08] "GET /socket.io/?EIO=4&transport=polling&t=PWn7bVP&sid=2lVis6KT4O8kq0wdAAAA HTTP/1.1" 200 -
2025-07-22 10:52:09,072 - werkzeug - INFO - 127.0.0.1 - - [22/Jul/2025 10:52:09] "GET /socket.io/?EIO=4&transport=polling&t=PWn7bXH&sid=2lVis6KT4O8kq0wdAAAA HTTP/1.1" 200 -
2025-07-22 10:52:09,073 - werkzeug - INFO - 127.0.0.1 - - [22/Jul/2025 10:52:09] "[33mGET /favicon.ico HTTP/1.1[0m" 404 -
2025-07-22 10:52:09,508 - SourceBridge - WARNING - NetCon connection lost
2025-07-22 10:52:09,509 - Chat2Source - WARNING - Game connection lost
2025-07-22 10:52:09,510 - ChatWidget - INFO - Sent server message: Game connection lost
2025-07-22 10:52:09,510 - Chat2Source - INFO - Attempting to reconnect...
2025-07-22 10:52:09,511 - ChatWidget - INFO - Sent server message: Attempting to reconnect...
2025-07-22 10:52:09,511 - SourceBridge - INFO - Attempting to connect to Source Engine game...
2025-07-22 10:52:09,511 - SourceBridge - INFO - Attempting NetCon connection to 127.0.0.1:2121
2025-07-22 10:52:09,524 - SourceBridge - INFO - Successfully connected via NetCon
2025-07-22 10:52:09,525 - Chat2Source - INFO - Game reconnection successful
2025-07-22 10:52:09,525 - ChatWidget - INFO - Sent server message: Game reconnected
2025-07-22 10:52:09,682 - httpx - INFO - HTTP Request: POST https://www.youtube.com/youtubei/v1/live_chat/get_live_chat?key=AIzaSyAO_FJ2SlqU8Q4STEHLGCilw_Y9_11qcW8 "HTTP/2 200 OK"
2025-07-22 10:52:11,686 - SourceBridge - WARNING - NetCon connection lost
2025-07-22 10:52:11,687 - Chat2Source - WARNING - Game connection lost
2025-07-22 10:52:11,688 - ChatWidget - INFO - Sent server message: Game connection lost
2025-07-22 10:52:11,689 - Chat2Source - INFO - Attempting to reconnect...
2025-07-22 10:52:11,691 - ChatWidget - INFO - Sent server message: Attempting to reconnect...
2025-07-22 10:52:11,694 - SourceBridge - INFO - Attempting to connect to Source Engine game...
2025-07-22 10:52:11,695 - SourceBridge - INFO - Attempting NetCon connection to 127.0.0.1:2121
2025-07-22 10:52:11,708 - SourceBridge - INFO - Successfully connected via NetCon
2025-07-22 10:52:11,710 - Chat2Source - INFO - Game reconnection successful
2025-07-22 10:52:11,711 - ChatWidget - INFO - Sent server message: Game reconnected
2025-07-22 10:52:11,863 - httpx - INFO - HTTP Request: POST https://www.youtube.com/youtubei/v1/live_chat/get_live_chat?key=AIzaSyAO_FJ2SlqU8Q4STEHLGCilw_Y9_11qcW8 "HTTP/2 200 OK"
2025-07-22 10:52:15,853 - SourceBridge - WARNING - NetCon connection lost
2025-07-22 10:52:15,854 - Chat2Source - WARNING - Game connection lost
2025-07-22 10:52:15,854 - ChatWidget - INFO - Sent server message: Game connection lost
2025-07-22 10:52:15,855 - Chat2Source - INFO - Attempting to reconnect...
2025-07-22 10:52:15,855 - ChatWidget - INFO - Sent server message: Attempting to reconnect...
2025-07-22 10:52:15,856 - SourceBridge - INFO - Attempting to connect to Source Engine game...
2025-07-22 10:52:15,856 - SourceBridge - INFO - Attempting NetCon connection to 127.0.0.1:2121
2025-07-22 10:52:15,861 - SourceBridge - INFO - Successfully connected via NetCon
2025-07-22 10:52:15,862 - Chat2Source - INFO - Game reconnection successful
2025-07-22 10:52:15,862 - ChatWidget - INFO - Sent server message: Game reconnected
2025-07-22 10:52:16,013 - httpx - INFO - HTTP Request: POST https://www.youtube.com/youtubei/v1/live_chat/get_live_chat?key=AIzaSyAO_FJ2SlqU8Q4STEHLGCilw_Y9_11qcW8 "HTTP/2 200 OK"
2025-07-22 10:52:18,016 - SourceBridge - WARNING - NetCon connection lost
2025-07-22 10:52:18,017 - Chat2Source - WARNING - Game connection lost
2025-07-22 10:52:18,017 - ChatWidget - INFO - Sent server message: Game connection lost
2025-07-22 10:52:18,018 - Chat2Source - INFO - Attempting to reconnect...
2025-07-22 10:52:18,018 - ChatWidget - INFO - Sent server message: Attempting to reconnect...
2025-07-22 10:52:18,019 - SourceBridge - INFO - Attempting to connect to Source Engine game...
2025-07-22 10:52:18,020 - SourceBridge - INFO - Attempting NetCon connection to 127.0.0.1:2121
2025-07-22 10:52:18,025 - SourceBridge - INFO - Successfully connected via NetCon
2025-07-22 10:52:18,025 - Chat2Source - INFO - Game reconnection successful
2025-07-22 10:52:18,025 - ChatWidget - INFO - Sent server message: Game reconnected
2025-07-22 10:52:18,169 - httpx - INFO - HTTP Request: POST https://www.youtube.com/youtubei/v1/live_chat/get_live_chat?key=AIzaSyAO_FJ2SlqU8Q4STEHLGCilw_Y9_11qcW8 "HTTP/2 200 OK"
2025-07-22 10:52:20,172 - SourceBridge - WARNING - NetCon connection lost
2025-07-22 10:52:20,172 - Chat2Source - WARNING - Game connection lost
2025-07-22 10:52:20,172 - ChatWidget - INFO - Sent server message: Game connection lost
2025-07-22 10:52:20,173 - Chat2Source - INFO - Attempting to reconnect...
2025-07-22 10:52:20,173 - ChatWidget - INFO - Sent server message: Attempting to reconnect...
2025-07-22 10:52:20,174 - SourceBridge - INFO - Attempting to connect to Source Engine game...
2025-07-22 10:52:20,174 - SourceBridge - INFO - Attempting NetCon connection to 127.0.0.1:2121
2025-07-22 10:52:20,179 - SourceBridge - INFO - Successfully connected via NetCon
2025-07-22 10:52:20,179 - Chat2Source - INFO - Game reconnection successful
2025-07-22 10:52:20,179 - ChatWidget - INFO - Sent server message: Game reconnected
2025-07-22 10:52:20,325 - httpx - INFO - HTTP Request: POST https://www.youtube.com/youtubei/v1/live_chat/get_live_chat?key=AIzaSyAO_FJ2SlqU8Q4STEHLGCilw_Y9_11qcW8 "HTTP/2 200 OK"
2025-07-22 10:52:23,171 - SourceBridge - WARNING - NetCon connection lost
2025-07-22 10:52:23,172 - Chat2Source - WARNING - Game connection lost
2025-07-22 10:52:23,172 - ChatWidget - INFO - Sent server message: Game connection lost
2025-07-22 10:52:23,172 - Chat2Source - INFO - Attempting to reconnect...
2025-07-22 10:52:23,173 - ChatWidget - INFO - Sent server message: Attempting to reconnect...
2025-07-22 10:52:23,173 - SourceBridge - INFO - Attempting to connect to Source Engine game...
2025-07-22 10:52:23,173 - SourceBridge - INFO - Attempting NetCon connection to 127.0.0.1:2121
2025-07-22 10:52:23,179 - SourceBridge - INFO - Successfully connected via NetCon
2025-07-22 10:52:23,179 - Chat2Source - INFO - Game reconnection successful
2025-07-22 10:52:23,180 - ChatWidget - INFO - Sent server message: Game reconnected
2025-07-22 10:52:23,321 - httpx - INFO - HTTP Request: POST https://www.youtube.com/youtubei/v1/live_chat/get_live_chat?key=AIzaSyAO_FJ2SlqU8Q4STEHLGCilw_Y9_11qcW8 "HTTP/2 200 OK"
2025-07-22 10:52:27,205 - SourceBridge - WARNING - NetCon connection lost
2025-07-22 10:52:27,205 - Chat2Source - WARNING - Game connection lost
2025-07-22 10:52:27,206 - ChatWidget - INFO - Sent server message: Game connection lost
2025-07-22 10:52:27,212 - Chat2Source - INFO - Attempting to reconnect...
2025-07-22 10:52:27,213 - ChatWidget - INFO - Sent server message: Attempting to reconnect...
2025-07-22 10:52:27,216 - SourceBridge - INFO - Attempting to connect to Source Engine game...
2025-07-22 10:52:27,217 - SourceBridge - INFO - Attempting NetCon connection to 127.0.0.1:2121
2025-07-22 10:52:27,227 - SourceBridge - INFO - Successfully connected via NetCon
2025-07-22 10:52:27,229 - Chat2Source - INFO - Game reconnection successful
2025-07-22 10:52:27,230 - ChatWidget - INFO - Sent server message: Game reconnected
2025-07-22 10:52:27,389 - httpx - INFO - HTTP Request: POST https://www.youtube.com/youtubei/v1/live_chat/get_live_chat?key=AIzaSyAO_FJ2SlqU8Q4STEHLGCilw_Y9_11qcW8 "HTTP/2 200 OK"
2025-07-22 10:52:30,529 - SourceBridge - WARNING - NetCon connection lost
2025-07-22 10:52:30,530 - Chat2Source - WARNING - Game connection lost
2025-07-22 10:52:30,530 - ChatWidget - INFO - Sent server message: Game connection lost
2025-07-22 10:52:30,531 - Chat2Source - INFO - Attempting to reconnect...
2025-07-22 10:52:30,531 - ChatWidget - INFO - Sent server message: Attempting to reconnect...
2025-07-22 10:52:30,532 - SourceBridge - INFO - Attempting to connect to Source Engine game...
2025-07-22 10:52:30,532 - SourceBridge - INFO - Attempting NetCon connection to 127.0.0.1:2121
2025-07-22 10:52:30,537 - SourceBridge - INFO - Successfully connected via NetCon
2025-07-22 10:52:30,537 - Chat2Source - INFO - Game reconnection successful
2025-07-22 10:52:30,538 - ChatWidget - INFO - Sent server message: Game reconnected
2025-07-22 10:52:30,765 - httpx - INFO - HTTP Request: POST https://www.youtube.com/youtubei/v1/live_chat/get_live_chat?key=AIzaSyAO_FJ2SlqU8Q4STEHLGCilw_Y9_11qcW8 "HTTP/2 200 OK"
2025-07-22 10:52:33,411 - SourceBridge - WARNING - NetCon connection lost
2025-07-22 10:52:33,412 - Chat2Source - WARNING - Game connection lost
2025-07-22 10:52:33,412 - ChatWidget - INFO - Sent server message: Game connection lost
2025-07-22 10:52:33,413 - Chat2Source - INFO - Attempting to reconnect...
2025-07-22 10:52:33,414 - ChatWidget - INFO - Sent server message: Attempting to reconnect...
2025-07-22 10:52:33,414 - SourceBridge - INFO - Attempting to connect to Source Engine game...
2025-07-22 10:52:33,415 - SourceBridge - INFO - Attempting NetCon connection to 127.0.0.1:2121
2025-07-22 10:52:33,419 - SourceBridge - INFO - Successfully connected via NetCon
2025-07-22 10:52:33,420 - Chat2Source - INFO - Game reconnection successful
2025-07-22 10:52:33,420 - ChatWidget - INFO - Sent server message: Game reconnected
2025-07-22 10:52:33,632 - httpx - INFO - HTTP Request: POST https://www.youtube.com/youtubei/v1/live_chat/get_live_chat?key=AIzaSyAO_FJ2SlqU8Q4STEHLGCilw_Y9_11qcW8 "HTTP/2 200 OK"
2025-07-22 10:52:35,635 - SourceBridge - WARNING - NetCon connection lost
2025-07-22 10:52:35,635 - Chat2Source - WARNING - Game connection lost
2025-07-22 10:52:35,636 - ChatWidget - INFO - Sent server message: Game connection lost
2025-07-22 10:52:35,636 - Chat2Source - INFO - Attempting to reconnect...
2025-07-22 10:52:35,637 - ChatWidget - INFO - Sent server message: Attempting to reconnect...
2025-07-22 10:52:35,637 - SourceBridge - INFO - Attempting to connect to Source Engine game...
2025-07-22 10:52:35,637 - SourceBridge - INFO - Attempting NetCon connection to 127.0.0.1:2121
2025-07-22 10:52:35,642 - SourceBridge - INFO - Successfully connected via NetCon
2025-07-22 10:52:35,642 - Chat2Source - INFO - Game reconnection successful
2025-07-22 10:52:35,642 - ChatWidget - INFO - Sent server message: Game reconnected
2025-07-22 10:52:35,788 - httpx - INFO - HTTP Request: POST https://www.youtube.com/youtubei/v1/live_chat/get_live_chat?key=AIzaSyAO_FJ2SlqU8Q4STEHLGCilw_Y9_11qcW8 "HTTP/2 200 OK"
2025-07-22 10:52:37,790 - SourceBridge - WARNING - NetCon connection lost
2025-07-22 10:52:37,791 - Chat2Source - WARNING - Game connection lost
2025-07-22 10:52:37,792 - ChatWidget - INFO - Sent server message: Game connection lost
2025-07-22 10:52:37,793 - Chat2Source - INFO - Attempting to reconnect...
2025-07-22 10:52:37,793 - ChatWidget - INFO - Sent server message: Attempting to reconnect...
2025-07-22 10:52:37,793 - SourceBridge - INFO - Attempting to connect to Source Engine game...
2025-07-22 10:52:37,794 - SourceBridge - INFO - Attempting NetCon connection to 127.0.0.1:2121
2025-07-22 10:52:37,799 - SourceBridge - INFO - Successfully connected via NetCon
2025-07-22 10:52:37,800 - Chat2Source - INFO - Game reconnection successful
2025-07-22 10:52:37,802 - ChatWidget - INFO - Sent server message: Game reconnected
2025-07-22 10:52:37,998 - httpx - INFO - HTTP Request: POST https://www.youtube.com/youtubei/v1/live_chat/get_live_chat?key=AIzaSyAO_FJ2SlqU8Q4STEHLGCilw_Y9_11qcW8 "HTTP/2 200 OK"
2025-07-22 10:52:40,000 - SourceBridge - WARNING - NetCon connection lost
2025-07-22 10:52:40,000 - Chat2Source - WARNING - Game connection lost
2025-07-22 10:52:40,001 - ChatWidget - INFO - Sent server message: Game connection lost
2025-07-22 10:52:40,001 - Chat2Source - INFO - Attempting to reconnect...
2025-07-22 10:52:40,001 - ChatWidget - INFO - Sent server message: Attempting to reconnect...
2025-07-22 10:52:40,002 - SourceBridge - INFO - Attempting to connect to Source Engine game...
2025-07-22 10:52:40,002 - SourceBridge - INFO - Attempting NetCon connection to 127.0.0.1:2121
2025-07-22 10:52:40,006 - SourceBridge - INFO - Successfully connected via NetCon
2025-07-22 10:52:40,006 - Chat2Source - INFO - Game reconnection successful
2025-07-22 10:52:40,006 - ChatWidget - INFO - Sent server message: Game reconnected
2025-07-22 10:52:40,150 - httpx - INFO - HTTP Request: POST https://www.youtube.com/youtubei/v1/live_chat/get_live_chat?key=AIzaSyAO_FJ2SlqU8Q4STEHLGCilw_Y9_11qcW8 "HTTP/2 200 OK"
2025-07-22 10:52:42,152 - SourceBridge - WARNING - NetCon connection lost
2025-07-22 10:52:42,153 - Chat2Source - WARNING - Game connection lost
2025-07-22 10:52:42,153 - ChatWidget - INFO - Sent server message: Game connection lost
2025-07-22 10:52:42,154 - Chat2Source - INFO - Attempting to reconnect...
2025-07-22 10:52:42,155 - ChatWidget - INFO - Sent server message: Attempting to reconnect...
2025-07-22 10:52:42,155 - SourceBridge - INFO - Attempting to connect to Source Engine game...
2025-07-22 10:52:42,155 - SourceBridge - INFO - Attempting NetCon connection to 127.0.0.1:2121
2025-07-22 10:52:42,161 - SourceBridge - INFO - Successfully connected via NetCon
2025-07-22 10:52:42,161 - Chat2Source - INFO - Game reconnection successful
2025-07-22 10:52:42,162 - ChatWidget - INFO - Sent server message: Game reconnected
2025-07-22 10:52:42,303 - httpx - INFO - HTTP Request: POST https://www.youtube.com/youtubei/v1/live_chat/get_live_chat?key=AIzaSyAO_FJ2SlqU8Q4STEHLGCilw_Y9_11qcW8 "HTTP/2 200 OK"
2025-07-22 10:52:44,306 - SourceBridge - WARNING - NetCon connection lost
2025-07-22 10:52:44,306 - Chat2Source - WARNING - Game connection lost
2025-07-22 10:52:44,307 - ChatWidget - INFO - Sent server message: Game connection lost
2025-07-22 10:52:44,307 - Chat2Source - INFO - Attempting to reconnect...
2025-07-22 10:52:44,308 - ChatWidget - INFO - Sent server message: Attempting to reconnect...
2025-07-22 10:52:44,308 - SourceBridge - INFO - Attempting to connect to Source Engine game...
2025-07-22 10:52:44,309 - SourceBridge - INFO - Attempting NetCon connection to 127.0.0.1:2121
2025-07-22 10:52:44,314 - SourceBridge - INFO - Successfully connected via NetCon
2025-07-22 10:52:44,314 - Chat2Source - INFO - Game reconnection successful
2025-07-22 10:52:44,315 - ChatWidget - INFO - Sent server message: Game reconnected
2025-07-22 10:52:44,486 - httpx - INFO - HTTP Request: POST https://www.youtube.com/youtubei/v1/live_chat/get_live_chat?key=AIzaSyAO_FJ2SlqU8Q4STEHLGCilw_Y9_11qcW8 "HTTP/2 200 OK"
2025-07-22 10:52:47,919 - SourceBridge - WARNING - NetCon connection lost
2025-07-22 10:52:47,920 - Chat2Source - WARNING - Game connection lost
2025-07-22 10:52:47,920 - ChatWidget - INFO - Sent server message: Game connection lost
2025-07-22 10:52:47,920 - Chat2Source - INFO - Attempting to reconnect...
2025-07-22 10:52:47,921 - ChatWidget - INFO - Sent server message: Attempting to reconnect...
2025-07-22 10:52:47,921 - SourceBridge - INFO - Attempting to connect to Source Engine game...
2025-07-22 10:52:47,922 - SourceBridge - INFO - Attempting NetCon connection to 127.0.0.1:2121
2025-07-22 10:52:47,926 - SourceBridge - INFO - Successfully connected via NetCon
2025-07-22 10:52:47,926 - Chat2Source - INFO - Game reconnection successful
2025-07-22 10:52:47,927 - ChatWidget - INFO - Sent server message: Game reconnected
2025-07-22 10:52:48,067 - httpx - INFO - HTTP Request: POST https://www.youtube.com/youtubei/v1/live_chat/get_live_chat?key=AIzaSyAO_FJ2SlqU8Q4STEHLGCilw_Y9_11qcW8 "HTTP/2 200 OK"
2025-07-22 10:52:50,361 - SourceBridge - WARNING - NetCon connection lost
2025-07-22 10:52:50,362 - Chat2Source - WARNING - Game connection lost
2025-07-22 10:52:50,362 - ChatWidget - INFO - Sent server message: Game connection lost
2025-07-22 10:52:50,363 - Chat2Source - INFO - Attempting to reconnect...
2025-07-22 10:52:50,363 - ChatWidget - INFO - Sent server message: Attempting to reconnect...
2025-07-22 10:52:50,364 - SourceBridge - INFO - Attempting to connect to Source Engine game...
2025-07-22 10:52:50,364 - SourceBridge - INFO - Attempting NetCon connection to 127.0.0.1:2121
2025-07-22 10:52:50,370 - SourceBridge - INFO - Successfully connected via NetCon
2025-07-22 10:52:50,370 - Chat2Source - INFO - Game reconnection successful
2025-07-22 10:52:50,371 - ChatWidget - INFO - Sent server message: Game reconnected
2025-07-22 10:52:50,512 - httpx - INFO - HTTP Request: POST https://www.youtube.com/youtubei/v1/live_chat/get_live_chat?key=AIzaSyAO_FJ2SlqU8Q4STEHLGCilw_Y9_11qcW8 "HTTP/2 200 OK"
2025-07-22 10:52:52,515 - SourceBridge - WARNING - NetCon connection lost
2025-07-22 10:52:52,515 - Chat2Source - WARNING - Chat connection lost
2025-07-22 10:52:52,516 - ChatWidget - INFO - Sent server message: Chat connection lost
2025-07-22 10:52:52,516 - Chat2Source - WARNING - Game connection lost
2025-07-22 10:52:52,517 - ChatWidget - INFO - Sent server message: Game connection lost
2025-07-22 10:52:52,517 - Chat2Source - INFO - Attempting to reconnect...
2025-07-22 10:52:52,518 - ChatWidget - INFO - Sent server message: Attempting to reconnect...
2025-07-22 10:52:52,518 - SourceBridge - INFO - Attempting to connect to Source Engine game...
2025-07-22 10:52:52,519 - SourceBridge - INFO - Attempting NetCon connection to 127.0.0.1:2121
2025-07-22 10:52:52,523 - SourceBridge - INFO - Successfully connected via NetCon
2025-07-22 10:52:52,524 - Chat2Source - INFO - Game reconnection successful
2025-07-22 10:52:52,524 - ChatWidget - INFO - Sent server message: Game reconnected
2025-07-22 10:52:52,524 - Chat2Source - ERROR - Chat reconnection not implemented
2025-07-22 10:52:52,525 - ChatWidget - INFO - Sent server message: Chat reconnection failed
2025-07-22 10:52:53,526 - Chat2Source - WARNING - Chat connection lost
2025-07-22 10:52:53,526 - ChatWidget - INFO - Sent server message: Chat connection lost
2025-07-22 10:52:53,527 - Chat2Source - INFO - Attempting to reconnect...
2025-07-22 10:52:53,527 - ChatWidget - INFO - Sent server message: Attempting to reconnect...
2025-07-22 10:52:53,528 - Chat2Source - ERROR - Chat reconnection not implemented
2025-07-22 10:52:53,529 - ChatWidget - INFO - Sent server message: Chat reconnection failed
2025-07-22 10:52:54,529 - SourceBridge - WARNING - NetCon connection lost
2025-07-22 10:52:54,530 - Chat2Source - WARNING - Chat connection lost
2025-07-22 10:52:54,530 - ChatWidget - INFO - Sent server message: Chat connection lost
2025-07-22 10:52:54,531 - Chat2Source - WARNING - Game connection lost
2025-07-22 10:52:54,531 - ChatWidget - INFO - Sent server message: Game connection lost
2025-07-22 10:52:54,532 - Chat2Source - INFO - Attempting to reconnect...
2025-07-22 10:52:54,532 - ChatWidget - INFO - Sent server message: Attempting to reconnect...
2025-07-22 10:52:54,532 - SourceBridge - INFO - Attempting to connect to Source Engine game...
2025-07-22 10:52:54,533 - SourceBridge - INFO - Attempting NetCon connection to 127.0.0.1:2121
2025-07-22 10:52:54,537 - SourceBridge - INFO - Successfully connected via NetCon
2025-07-22 10:52:54,537 - Chat2Source - INFO - Game reconnection successful
2025-07-22 10:52:54,538 - ChatWidget - INFO - Sent server message: Game reconnected
2025-07-22 10:52:54,538 - Chat2Source - ERROR - Chat reconnection not implemented
2025-07-22 10:52:54,539 - ChatWidget - INFO - Sent server message: Chat reconnection failed
2025-07-22 10:52:55,540 - Chat2Source - WARNING - Chat connection lost
2025-07-22 10:52:55,540 - ChatWidget - INFO - Sent server message: Chat connection lost
2025-07-22 10:52:55,541 - Chat2Source - INFO - Attempting to reconnect...
2025-07-22 10:52:55,541 - ChatWidget - INFO - Sent server message: Attempting to reconnect...
2025-07-22 10:52:55,542 - Chat2Source - ERROR - Chat reconnection not implemented
2025-07-22 10:52:55,542 - ChatWidget - INFO - Sent server message: Chat reconnection failed
2025-07-22 10:52:56,543 - SourceBridge - WARNING - NetCon connection lost
2025-07-22 10:52:56,543 - Chat2Source - WARNING - Chat connection lost
2025-07-22 10:52:56,544 - ChatWidget - INFO - Sent server message: Chat connection lost
2025-07-22 10:52:56,544 - Chat2Source - WARNING - Game connection lost
2025-07-22 10:52:56,545 - ChatWidget - INFO - Sent server message: Game connection lost
2025-07-22 10:52:56,545 - Chat2Source - INFO - Attempting to reconnect...
2025-07-22 10:52:56,546 - ChatWidget - INFO - Sent server message: Attempting to reconnect...
2025-07-22 10:52:56,546 - SourceBridge - INFO - Attempting to connect to Source Engine game...
2025-07-22 10:52:56,547 - SourceBridge - INFO - Attempting NetCon connection to 127.0.0.1:2121
2025-07-22 10:52:56,551 - SourceBridge - INFO - Successfully connected via NetCon
2025-07-22 10:52:56,551 - Chat2Source - INFO - Game reconnection successful
2025-07-22 10:52:56,552 - ChatWidget - INFO - Sent server message: Game reconnected
2025-07-22 10:52:56,552 - Chat2Source - ERROR - Chat reconnection not implemented
2025-07-22 10:52:56,553 - ChatWidget - INFO - Sent server message: Chat reconnection failed
